// Jest Snapshot v1, https://goo.gl/fbAQLP

exports[`Admin Description page component should render the page properly 1`] = `
<DocumentFragment>
  <form
    action="#"
  >
    <div
      class="MuiFormControl-root MuiFormControl-marginNormal MuiFormControl-fullWidth MuiTextField-root css-17vbkzs-MuiFormControl-root-MuiTextField-root"
      data-testid="description"
      field="[object Object]"
      form="[object Object]"
    >
      <label
        class="MuiFormLabel-root MuiInputLabel-root MuiInputLabel-formControl MuiInputLabel-animated MuiInputLabel-sizeMedium MuiInputLabel-outlined MuiFormLabel-colorPrimary MuiInputLabel-root MuiInputLabel-formControl MuiInputLabel-animated MuiInputLabel-sizeMedium MuiInputLabel-outlined css-14s5rfu-MuiFormLabel-root-MuiInputLabel-root"
        data-shrink="false"
        for="description"
        id="description-label"
      >
        Description *
      </label>
      <div
        class="MuiInputBase-root MuiOutlinedInput-root MuiInputBase-colorPrimary MuiInputBase-fullWidth MuiInputBase-formControl MuiInputBase-multiline css-8ewcdo-MuiInputBase-root-MuiOutlinedInput-root"
      >
        <textarea
          aria-invalid="false"
          class="MuiInputBase-input MuiOutlinedInput-input MuiInputBase-inputMultiline css-1sqnrkk-MuiInputBase-input-MuiOutlinedInput-input"
          id="description"
          rows="9"
          style="height: 0px; overflow: hidden;"
        />
        <textarea
          aria-hidden="true"
          class="MuiInputBase-input MuiOutlinedInput-input MuiInputBase-inputMultiline css-1sqnrkk-MuiInputBase-input-MuiOutlinedInput-input"
          readonly=""
          style="visibility: hidden; position: absolute; overflow: hidden; height: 0px; top: 0px; left: 0px; transform: translateZ(0); padding-top: 0px; padding-bottom: 0px; width: 100%;"
          tabindex="-1"
        />
        <fieldset
          aria-hidden="true"
          class="MuiOutlinedInput-notchedOutline css-1d3z3hw-MuiOutlinedInput-notchedOutline"
        >
          <legend
            class="css-yjsfm1"
          >
            <span>
              Description *
            </span>
          </legend>
        </fieldset>
      </div>
    </div>
    <div
      class="row justify-content-center"
      style="margin: 10px;"
    >
      <div
        class="col-lg-12"
      >
        <div
          class="mt-3 d-flex align-items-center justify-content-between"
        >
          <button
            class="btn btn-outline-dark prev-btn px-lg-4  rounded-pill"
            type="button"
          >
            Previous
          </button>
          <button
            class="btn btn-dark px-lg-5 px-4  ms-auto d-block rounded-pill next-btn"
            type="button"
          >
            Next
          </button>
        </div>
      </div>
    </div>
  </form>
</DocumentFragment>
`;
